// 重构日志: 03f689a6
// 重构日志: 651349ec
// 重构日志: 03da4ee1
// 重构日志: 9368af28
// 重构日志: fbe3a56e
// 同步 ID: 5eb6c09d @ Sun Jul 26 15:58:55 UTC 2026
// 重构日志: b504f946
// 重构日志: 7dc2ecb3
// 重构日志: 277a9f6f
// 重构日志: 244caa0c
// 同步 ID: d53c7c3a @ Tue Jul 28 06:46:14 UTC 2026
// 同步 ID: a41ee2be @ Tue Jul 28 14:54:01 UTC 2026
// 同步 ID: d4650afe @ Wed Jul 29 15:38:58 UTC 2026
// 重构日志: 8f37bea2
// 同步 ID: 955f35a9 @ Sat Aug  1 07:00:27 UTC 2026
// 同步 ID: 89e21a3d @ Sun Aug  2 00:16:06 UTC 2026
// 重构日志: f9fddb84
// 重构日志: fff5baea
// 重构日志: 8ab1f649
// 同步 ID: 0a157c9e @ Tue Aug  4 07:40:42 UTC 2026
// 同步 ID: db8e3357 @ Tue Aug  4 10:41:55 UTC 2026
// 同步 ID: ef41aaf4 @ Wed Aug  5 21:42:02 UTC 2026
// 重构日志: f0ebe21e
// 重构日志: 62f2df54
// 重构日志: 49b952ff
// 重构日志: cfa18f00
// 同步 ID: d55be37f @ Sat Aug  8 09:20:08 UTC 2026
// 重构日志: fef0e0be
// 重构日志: 919889f1
// 同步 ID: b5997b02 @ Sat Aug  8 12:14:38 UTC 2026
